Unhandled exception. System.AggregateException: An error occurred while writing to logger(s). (Cannot open log for source '.NET Runtime'. You may not have write access.)
 ---> System.InvalidOperationException: Cannot open log for source '.NET Runtime'. You may not have write access.
 ---> System.ComponentModel.Win32Exception (5): Access is denied.
   --- End of inner exception stack trace ---
   at System.Diagnostics.EventLogInternal.OpenForWrite(String currentMachineName)
   at System.Diagnostics.EventLogInternal.InternalWriteEvent(UInt32 eventID, UInt16 category, EventLogEntryType type, String[] strings, Byte[] rawData, String currentMachineName)
   at System.Diagnostics.EventLogInternal.WriteEvent(EventInstance instance, Byte[] data, Object[] values)
   at Microsoft.Extensions.Logging.EventLog.WindowsEventLog.WriteEntry(String message, EventLogEntryType type, Int32 eventID, Int16 category)
   at Microsoft.Extensions.Logging.EventLog.EventLogLogger.WriteMessage(String message, EventLogEntryType eventLogEntryType, Int32 eventId)
   at Microsoft.Extensions.Logging.EventLog.EventLogLogger.Log[TState](LogLevel logLevel, EventId eventId, TState state, Exception exception, Func`3 formatter)
   at Microsoft.Extensions.Logging.Logger.<Log>g__LoggerLog|14_0[TState](LogLevel logLevel, EventId eventId, ILogger logger, Exception exception, Func`3 formatter, List`1& exceptions, TState& state)
   --- End of inner exception stack trace ---
   at Microsoft.Extensions.Logging.Logger.ThrowLoggingError(List`1 exceptions)
   at Microsoft.Extensions.Logging.Logger.Log[TState](LogLevel logLevel, EventId eventId, TState state, Exception exception, Func`3 formatter)
   at Microsoft.Extensions.Logging.LoggerMessage.<>c__DisplayClass14_0`3.<Define>b__1(ILogger logger, T1 arg1, T2 arg2, T3 arg3, Exception exception)
   at Microsoft.EntityFrameworkCore.Diagnostics.EventDefinition`3.Log[TLoggerCategory](IDiagnosticsLogger`1 logger, TParam1 arg1, TParam2 arg2, TParam3 arg3, Exception exception)
   at Microsoft.EntityFrameworkCore.Diagnostics.CoreLoggerExtensions.QueryIterationFailed(IDiagnosticsLogger`1 diagnostics, Type contextType, Exception exception)
   at Microsoft.EntityFrameworkCore.Query.Internal.SingleQueryingEnumerable`1.AsyncEnumerator.MoveNextAsync()
   at Microsoft.EntityFrameworkCore.Query.ShapedQueryCompilingExpressionVisitor.SingleAsync[TSource](IAsyncEnumerable`1 asyncEnumerable, CancellationToken cancellationToken)
   at Microsoft.EntityFrameworkCore.Query.ShapedQueryCompilingExpressionVisitor.SingleAsync[TSource](IAsyncEnumerable`1 asyncEnumerable, CancellationToken cancellationToken)
   at FoodOrderingSystem.Data.SeedData.InitializeAsync(IServiceProvider services) in W:\09-05-26Assesmentfinal\09-05-26Assesmentfinal\FoodOrderingSystem\Data\SeedData.cs:line 41
   at Program.<Main>$(String[] args) in W:\09-05-26Assesmentfinal\09-05-26Assesmentfinal\FoodOrderingSystem\Program.cs:line 38
   at Program.<Main>(String[] args)
